<<<<<<< HEAD
; Item  C:\Users\araborn\AppData\Local\Temp\RtmpukJnDo\winstepsR_examples\example_full\c  Sep 08 2026 12:29
;ENTRY MEASURE ST   COUNT    SCORE MODLSE IN.MSQ INZSTD OUTMSQ OUTZST  DISPL   PTMA WEIGHT OBSMA EXPMA PMA-E  RMSR    WMLE  INDF OUTDF G M R NAME
     1 -2.0000  2   195.0    168.0  .2200    .82  -1.43    .78   -.70 -.3016    .45   1.00  89.1  85.5   .44   .30 -1.9883 111.9 22.70 1 R . q01
     2 -1.6400  2   197.0    161.0  .2014    .93   -.63    .84   -.62 -.2031    .44   1.00  83.0  82.7   .45   .34 -1.6314 153.4 35.56 1 R . q02
     3 -1.2700  2   200.0    142.0  .1865   1.11   1.10   1.00    .07  .2222    .48   1.00  76.1  79.5   .47   .40 -1.2640 210.4 52.70 1 R . q03
     4  -.9100  2   198.0    148.0  .1773    .91  -1.06    .82  -1.11 -.4065    .48   1.00  77.4  75.9   .49   .39  -.9058 276.8 77.57 1 R . q04
     5  -.5500  2   198.0    138.0  .1702    .94   -.85    .89   -.82 -.4233    .49   1.00  76.9  73.5   .49   .41  -.5473 351.0 112.6 1 R . q05
     6  -.1800  2   198.0    104.0  .1658    .88  -1.73    .85  -1.38  .1819    .58   1.00  75.4  71.6   .49   .41  -.1787 418.2 150.3 1 R . q06
     7   .1800  2   198.0    105.0  .1648    .95   -.67    .93   -.60 -.1913    .53   1.00  68.7  71.1   .49   .42   .1800 439.9 156.5 1 R . q07
     8   .5500  2   200.0     83.0  .1650   1.05    .81    .98   -.15  .0584    .46   1.00  68.5  71.6   .48   .44   .5488 427.0 136.5 1 R . q08
     9   .9100  2   194.0     66.0  .1709    .87  -1.78    .79  -1.56  .1234    .53   1.00  79.1  73.0   .47   .40   .9074 363.6 103.7 1 R . q09
    10  1.2700  2   198.0     52.0  .1766    .87  -1.66    .72  -1.78  .2475    .50   1.00  77.9  75.7   .45   .38  1.2659 292.7 68.51 1 R . q10
    11  1.6400  2   200.0     45.0  .1864    .90  -1.05    .78  -1.08  .1309    .46   1.00  80.7  79.0   .43   .36  1.6339 219.7 45.17 1 R . q11
    12  2.0000  2   199.0     27.0  .2006    .89  -1.00    .72  -1.13  .5377    .33   1.00  82.7  82.4   .41   .34  1.9913 159.5 30.03 1 R . q12
=======
; Item  C:\Users\araborn\AppData\Local\Temp\RtmpukJnDo\winstepsR_examples\example_full\c  Sep 08 2026 12:29
;ENTRY MEASURE ST   COUNT    SCORE MODLSE IN.MSQ INZSTD OUTMSQ OUTZST  DISPL   PTMA WEIGHT OBSMA EXPMA PMA-E  RMSR    WMLE  INDF OUTDF G M R NAME
     1 -2.0000  2   195.0    168.0  .2200    .82  -1.43    .78   -.70 -.3016    .45   1.00  89.1  85.5   .44   .30 -1.9883 111.9 22.70 1 R . q01
     2 -1.6400  2   197.0    161.0  .2014    .93   -.63    .84   -.62 -.2031    .44   1.00  83.0  82.7   .45   .34 -1.6314 153.4 35.56 1 R . q02
     3 -1.2700  2   200.0    142.0  .1865   1.11   1.10   1.00    .07  .2222    .48   1.00  76.1  79.5   .47   .40 -1.2640 210.4 52.70 1 R . q03
     4  -.9100  2   198.0    148.0  .1773    .91  -1.06    .82  -1.11 -.4065    .48   1.00  77.4  75.9   .49   .39  -.9058 276.8 77.57 1 R . q04
     5  -.5500  2   198.0    138.0  .1702    .94   -.85    .89   -.82 -.4233    .49   1.00  76.9  73.5   .49   .41  -.5473 351.0 112.6 1 R . q05
     6  -.1800  2   198.0    104.0  .1658    .88  -1.73    .85  -1.38  .1819    .58   1.00  75.4  71.6   .49   .41  -.1787 418.2 150.3 1 R . q06
     7   .1800  2   198.0    105.0  .1648    .95   -.67    .93   -.60 -.1913    .53   1.00  68.7  71.1   .49   .42   .1800 439.9 156.5 1 R . q07
     8   .5500  2   200.0     83.0  .1650   1.05    .81    .98   -.15  .0584    .46   1.00  68.5  71.6   .48   .44   .5488 427.0 136.5 1 R . q08
     9   .9100  2   194.0     66.0  .1709    .87  -1.78    .79  -1.56  .1234    .53   1.00  79.1  73.0   .47   .40   .9074 363.6 103.7 1 R . q09
    10  1.2700  2   198.0     52.0  .1766    .87  -1.66    .72  -1.78  .2475    .50   1.00  77.9  75.7   .45   .38  1.2659 292.7 68.51 1 R . q10
    11  1.6400  2   200.0     45.0  .1864    .90  -1.05    .78  -1.08  .1309    .46   1.00  80.7  79.0   .43   .36  1.6339 219.7 45.17 1 R . q11
    12  2.0000  2   199.0     27.0  .2006    .89  -1.00    .72  -1.13  .5377    .33   1.00  82.7  82.4   .41   .34  1.9913 159.5 30.03 1 R . q12
>>>>>>> refs/remotes/origin/devel
